[dotenv@17.2.3] injecting env (1) from .env -- tip: ΓÜÖ∩╕Å  write to custom object with { processEnv: myObject }
MappingController: GoogleGenAI type: function
≡ƒºá Testing Gemini 3 Flash Preview...
Initialize GenAI with Key length: 39
node : Γ¥î Gemini Mapping Error: ApiError: 
{"error":{"code":400,"message":"* GenerateContentRequest.contents: contents 
is not specified\n","status":"INVALID_ARGUMENT"}}
At line:1 char:1
+ node testGemini.js > test_output.txt 2>&1
+ ~~~~~~~~~~~~~~~~~~~~~~~~~~~~~~~~~~~~~~~~~
    + CategoryInfo          : NotSpecified: (Γ¥î Gemini Mapp...LID_ARGUMENT 
   "}}:String) [], RemoteException
    + FullyQualifiedErrorId : NativeCommandError
 
    at throwErrorIfNotOK (C:\Users\ericd\Documents\MyVertexProject\node_modu
les\@google\genai\dist\node\index.cjs:12111:30)
    at process.processTicksAndRejections 
(node:internal/process/task_queues:103:5)
    at async C:\Users\ericd\Documents\MyVertexProject\node_modules\@google\g
enai\dist\node\index.cjs:11831:13
    at async Models.generateContent (C:\Users\ericd\Documents\MyVertexProjec
t\node_modules\@google\genai\dist\node\index.cjs:13174:24)
    at async mapToSchema 
(C:\Users\ericd\Documents\MyVertexProject\mappingController.js:31:24)
    at async testGemini 
(C:\Users\ericd\Documents\MyVertexProject\testGemini.js:13:24) {
  status: 400
}
Γ¥î Gemini Test Failed: ApiError: {"error":{"code":400,"message":"* 
GenerateContentRequest.contents: contents is not 
specified\n","status":"INVALID_ARGUMENT"}}
    at throwErrorIfNotOK (C:\Users\ericd\Documents\MyVertexProject\node_modu
les\@google\genai\dist\node\index.cjs:12111:30)
    at process.processTicksAndRejections 
(node:internal/process/task_queues:103:5)
    at async C:\Users\ericd\Documents\MyVertexProject\node_modules\@google\g
enai\dist\node\index.cjs:11831:13
    at async Models.generateContent (C:\Users\ericd\Documents\MyVertexProjec
t\node_modules\@google\genai\dist\node\index.cjs:13174:24)
    at async mapToSchema 
(C:\Users\ericd\Documents\MyVertexProject\mappingController.js:31:24)
    at async testGemini 
(C:\Users\ericd\Documents\MyVertexProject\testGemini.js:13:24) {
  status: 400
}
ApiError: {"error":{"code":400,"message":"* 
GenerateContentRequest.contents: contents is not 
specified\n","status":"INVALID_ARGUMENT"}}
    at throwErrorIfNotOK (C:\Users\ericd\Documents\MyVertexProject\node_modu
les\@google\genai\dist\node\index.cjs:12111:30)
    at process.processTicksAndRejections 
(node:internal/process/task_queues:103:5)
    at async C:\Users\ericd\Documents\MyVertexProject\node_modules\@google\g
enai\dist\node\index.cjs:11831:13
    at async Models.generateContent (C:\Users\ericd\Documents\MyVertexProjec
t\node_modules\@google\genai\dist\node\index.cjs:13174:24)
    at async mapToSchema 
(C:\Users\ericd\Documents\MyVertexProject\mappingController.js:31:24)
    at async testGemini 
(C:\Users\ericd\Documents\MyVertexProject\testGemini.js:13:24)
